2026-08-10 12:06:30.323: [INFO] CurrentProfilePath: C:\Java Ex\ex_0810\.metadata\.plugins\org.eclipse.swt\EBWebView\Default
2026-08-10 12:06:30.323: [INFO] Profiles total count: 1
2026-08-10 12:06:30.323: [INFO] Profile: name=프로필 1 path=C:\Java Ex\ex_0810\.metadata\.plugins\org.eclipse.swt\EBWebView\Default lastActive=null
2026-08-10 12:06:30.324: [INFO] LastUsedProfileDir: C:\Java Ex\ex_0810\.metadata\.plugins\org.eclipse.swt\EBWebView\Default
2026-08-10 12:06:30.324: [INFO] OnDoneLoading sync enabled: 0
2026-08-10 12:06:30.324: [INFO] BookmarkModelLoaded, ids_reassigned: 0
2026-08-10 12:06:30.324: [INFO] BookmarksLoadDropped droppedNodes=0
2026-08-10 12:06:30.324: [INFO] BookmarksSnapshot Startup total=0 bar=0 other=0 mobile=0 showBar=0 showBarNTP=1
2026-08-10 12:06:35.521: [INFO] BookmarksSnapshot Shutdown total=0 bar=0 other=0 mobile=0 showBar=0 showBarNTP=1
2026-08-10 12:06:46.853: [INFO] CurrentProfilePath: C:\Java Ex\ex_0810\.metadata\.plugins\org.eclipse.swt\EBWebView\Default
2026-08-10 12:06:46.853: [INFO] Profiles total count: 1
2026-08-10 12:06:46.853: [INFO] Profile: name=프로필 1 path=C:\Java Ex\ex_0810\.metadata\.plugins\org.eclipse.swt\EBWebView\Default lastActive=2026-08-10T12:06:30.997Z
2026-08-10 12:06:46.853: [INFO] LastUsedProfileDir: C:\Java Ex\ex_0810\.metadata\.plugins\org.eclipse.swt\EBWebView\Default
2026-08-10 12:06:46.853: [INFO] MostRecentlyActiveProfile: name=프로필 1 path=C:\Java Ex\ex_0810\.metadata\.plugins\org.eclipse.swt\EBWebView\Default lastActive=2026-08-10T12:06:30.997Z
2026-08-10 12:06:46.854: [INFO] OnDoneLoading sync enabled: 0
2026-08-10 12:06:46.854: [INFO] BookmarkModelLoaded, ids_reassigned: 0
2026-08-10 12:06:46.854: [INFO] BookmarksLoadDropped droppedNodes=0
2026-08-10 12:06:46.854: [INFO] BookmarksSnapshot Startup total=0 bar=0 other=0 mobile=0 showBar=0 showBarNTP=1
2026-08-10 12:07:04.006: [INFO] BookmarksSnapshot Shutdown total=0 bar=0 other=0 mobile=0 showBar=0 showBarNTP=1
2026-08-10 12:07:11.190: [INFO] CurrentProfilePath: C:\Java Ex\ex_0810\.metadata\.plugins\org.eclipse.swt\EBWebView\Default
2026-08-10 12:07:11.190: [INFO] Profiles total count: 1
2026-08-10 12:07:11.191: [INFO] Profile: name=프로필 1 path=C:\Java Ex\ex_0810\.metadata\.plugins\org.eclipse.swt\EBWebView\Default lastActive=2026-08-10T12:07:03.697Z
2026-08-10 12:07:11.191: [INFO] LastUsedProfileDir: C:\Java Ex\ex_0810\.metadata\.plugins\org.eclipse.swt\EBWebView\Default
2026-08-10 12:07:11.191: [INFO] MostRecentlyActiveProfile: name=프로필 1 path=C:\Java Ex\ex_0810\.metadata\.plugins\org.eclipse.swt\EBWebView\Default lastActive=2026-08-10T12:07:03.697Z
2026-08-10 12:07:11.191: [INFO] OnDoneLoading sync enabled: 0
2026-08-10 12:07:11.191: [INFO] BookmarkModelLoaded, ids_reassigned: 0
2026-08-10 12:07:11.191: [INFO] BookmarksLoadDropped droppedNodes=0
2026-08-10 12:07:11.191: [INFO] BookmarksSnapshot Startup total=0 bar=0 other=0 mobile=0 showBar=0 showBarNTP=1
2026-08-10 12:07:11.511: [INFO] BookmarksSnapshot Shutdown total=0 bar=0 other=0 mobile=0 showBar=0 showBarNTP=1
